// Jest Snapshot v1, https://goo.gl/fbAQLP

exports[`Unit Tests Render should render correctly 1`] = `
initialize {
  "0": Object {
    "attribs": Object {
      "class": "text-primary fixed-top",
      "id": "loading",
    },
    "children": Array [
      Object {
        "attribs": Object {
          "class": "spinner-border text-primary",
          "role": "status",
        },
        "children": Array [],
        "name": "div",
        "namespace": "http://www.w3.org/1999/xhtml",
        "next": Object {
          "attribs": Object {
            "class": "ml-3",
            "id": "loadingText",
          },
          "children": Array [],
          "name": "span",
          "namespace": "http://www.w3.org/1999/xhtml",
          "next": null,
          "parent": [Circular],
          "prev": [Circular],
          "type": "tag",
          "x-attribsNamespace": Object {
            "class": undefined,
            "id": undefined,
          },
          "x-attribsPrefix": Object {
            "class": undefined,
            "id": undefined,
          },
        },
        "parent": [Circular],
        "prev": null,
        "type": "tag",
        "x-attribsNamespace": Object {
          "class": undefined,
          "role": undefined,
        },
        "x-attribsPrefix": Object {
          "class": undefined,
          "role": undefined,
        },
      },
      Object {
        "attribs": Object {
          "class": "ml-3",
          "id": "loadingText",
        },
        "children": Array [],
        "name": "span",
        "namespace": "http://www.w3.org/1999/xhtml",
        "next": null,
        "parent": [Circular],
        "prev": Object {
          "attribs": Object {
            "class": "spinner-border text-primary",
            "role": "status",
          },
          "children": Array [],
          "name": "div",
          "namespace": "http://www.w3.org/1999/xhtml",
          "next": [Circular],
          "parent": [Circular],
          "prev": null,
          "type": "tag",
          "x-attribsNamespace": Object {
            "class": undefined,
            "role": undefined,
          },
          "x-attribsPrefix": Object {
            "class": undefined,
            "role": undefined,
          },
        },
        "type": "tag",
        "x-attribsNamespace": Object {
          "class": undefined,
          "id": undefined,
        },
        "x-attribsPrefix": Object {
          "class": undefined,
          "id": undefined,
        },
      },
    ],
    "name": "div",
    "namespace": "http://www.w3.org/1999/xhtml",
    "next": null,
    "parent": null,
    "prev": null,
    "root": Object {
      "attribs": Object {},
      "children": Array [
        [Circular],
      ],
      "name": "root",
      "namespace": "http://www.w3.org/1999/xhtml",
      "next": null,
      "parent": null,
      "prev": null,
      "type": "root",
      "x-attribsNamespace": Object {},
      "x-attribsPrefix": Object {},
    },
    "type": "tag",
    "x-attribsNamespace": Object {
      "class": undefined,
      "id": undefined,
    },
    "x-attribsPrefix": Object {
      "class": undefined,
      "id": undefined,
    },
  },
  "_root": [Circular],
  "length": 1,
  "options": Object {
    "decodeEntities": true,
    "normalizeWhitespace": false,
    "withDomLvl1": true,
    "xml": false,
  },
}
`;
