// Jest Snapshot v1, https://goo.gl/fbAQLP

exports[`Unit Tests Render should render correctly 1`] = `ShallowWrapper {}`;
